Process 0: x1 : 00000001
Process 0: x1 : 00000002
Process 0: x1 : 00000003
Process 0: x1 : 00000004
Process 1: x1 : 00000001
Process 1: x1 : 00000002
Process 0: x1 : 00000005
Process 0: x1 : 00000006
Process 1: x1 : 00000003
Process 1: x1 : 00000004
Process 2: x1 : 00000001
Process 2: x1 : 00000002
Process 0: x1 : 00000007
Process 0: x1 : 00000008
Process 1: x1 : 00000005
Process 1: x1 : 00000006
Process 2: x1 : 00000003
Process 2: x1 : 00000004
Process 3: x1 : 00000001
Process 3: x1 : 00000002
Process 0: x1 : 00000009
Process 0: x1 : 0000000A
Process 1: x1 : 00000007
Process 1: x1 : 00000008
Process 2: x1 : 00000005
Process 2: x1 : 00000006
Process 3: x1 : 00000003
Process 3: x1 : 00000004
Process 0: x1 : 0000000B
Process 0: x1 : 0000000C
Process 1: x1 : 00000009
Process 1: x1 : 0000000A
Process 2: x1 : 00000007
Process 2: x1 : 00000008
Process 3: x1 : 00000005
Process 3: x1 : 00000006
Process 0: x1 : 0000000D
Process 0: x1 : 0000000E
Process 1: x1 : 0000000B
Process 1: x1 : 0000000C
Process 2: x1 : 00000009
Process 2: x1 : 0000000A
Process 3: x1 : 00000007
Process 3: x1 : 00000008
Process 0: x1 : 0000000F
Process 0: x1 : 00000010
Process 1: x1 : 0000000D
Process 1: x1 : 0000000E
Process 2: x1 : 0000000B
Process 2: x1 : 0000000C
Process 3: x1 : 00000009
Process 3: x1 : 0000000A
Process 0: x1 : 00000011
Process 0: x1 : 00000012
Process 1: x1 : 0000000F
Process 1: x1 : 00000010
Process 2: x1 : 0000000D
Process 2: x1 : 0000000E
Process 3: x1 : 0000000B
Process 3: x1 : 0000000C
Process 0: x1 : 00000013
Process 0: x1 : 00000014
Process 1: x1 : 00000011
Process 1: x1 : 00000012
Process 2: x1 : 0000000F
Process 2: x1 : 00000010
Process 3: x1 : 0000000D
Process 3: x1 : 0000000E
Process 0: x1 : 00000015
Process 0: x1 : 00000016
Process 1: x1 : 00000013
Process 1: x1 : 00000014
Process 2: x1 : 00000011
Process 2: x1 : 00000012
Process 3: x1 : 0000000F
Process 3: x1 : 00000010
Process 0: x1 : 00000017
Process 0: x1 : 00000018
Process 1: x1 : 00000015
Process 1: x1 : 00000016
Process 2: x1 : 00000013
Process 2: x1 : 00000014
Process 3: x1 : 00000011
Process 3: x1 : 00000012
Process 0: x1 : 00000019
Process 0: x1 : 0000001A
Process 1: x1 : 00000017
Process 1: x1 : 00000018
Process 2: x1 : 00000015
Process 2: x1 : 00000016
Process 3: x1 : 00000013
Process 3: x1 : 00000014
Process 0: x1 : 0000001B
Process 0: x1 : 0000001C
Process 1: x1 : 00000019
Process 1: x1 : 0000001A
Process 2: x1 : 00000017
Process 2: x1 : 00000018
Process 3: x1 : 00000015
Process 3: x1 : 00000016
Process 0: x1 : 0000001D
Process 0: x1 : 0000001E
Process 1: x1 : 0000001B
Process 1: x1 : 0000001C
Process 2: x1 : 00000019
Process 2: x1 : 0000001A
Process 3: x1 : 00000017
Process 3: x1 : 00000018
Process 0: x1 : 0000001F
Process 0: x1 : 00000020
Process 1: x1 : 0000001D
Process 1: x1 : 0000001E
Process 2: x1 : 0000001B
Process 2: x1 : 0000001C
Process 3: x1 : 00000019
Process 3: x1 : 0000001A
Process 0: x1 : 00000021
Process 0: x1 : 00000022
Process 1: x1 : 0000001F
Process 1: x1 : 00000020
Process 2: x1 : 0000001D
Process 2: x1 : 0000001E
Process 3: x1 : 0000001B
Process 3: x1 : 0000001C
Process 0: x1 : 00000023
Process 0: x1 : 00000024
Process 1: x1 : 00000021
Process 1: x1 : 00000022
Process 2: x1 : 0000001F
Process 2: x1 : 00000020
Process 3: x1 : 0000001D
Process 3: x1 : 0000001E
Process 0: x1 : 00000025
Process 0: x1 : 00000026
Process 1: x1 : 00000023
Process 1: x1 : 00000024
Process 2: x1 : 00000021
Process 2: x1 : 00000022
Process 3: x1 : 0000001F
Process 3: x1 : 00000020
Process 0: x1 : 00000027
Process 0: x1 : 00000028
Process 1: x1 : 00000025
Process 1: x1 : 00000026
Process 2: x1 : 00000023
Process 2: x1 : 00000024
Process 3: x1 : 00000021
Process 3: x1 : 00000022
Process 0: x1 : 00000029
Process 0: x1 : 0000002A
Process 1: x1 : 00000027
Process 1: x1 : 00000028
Process 2: x1 : 00000025
Process 2: x1 : 00000026
Process 3: x1 : 00000023
Process 3: x1 : 00000024
Process 0: x1 : 0000002B
Process 0: x1 : 0000002C
Process 1: x1 : 00000029
Process 1: x1 : 0000002A
Process 2: x1 : 00000027
Process 2: x1 : 00000028
Process 3: x1 : 00000025
Process 3: x1 : 00000026
Process 0: x1 : 0000002D
Process 0: x1 : 0000002E
Process 1: x1 : 0000002B
Process 1: x1 : 0000002C
Process 2: x1 : 00000029
Process 2: x1 : 0000002A
Process 3: x1 : 00000027
Process 3: x1 : 00000028
Process 0: x1 : 0000002F
Process 0: x1 : 00000030
Process 1: x1 : 0000002D
Process 1: x1 : 0000002E
Process 2: x1 : 0000002B
Process 2: x1 : 0000002C
Process 3: x1 : 00000029
Process 3: x1 : 0000002A
Process 0: x1 : 00000031
Process 0: x1 : 00000032
Process 1: x1 : 0000002F
Process 1: x1 : 00000030
Process 2: x1 : 0000002D
Process 2: x1 : 0000002E
Process 3: x1 : 0000002B
Process 3: x1 : 0000002C
Process 0: x1 : 00000033
Process 0: x1 : 00000034
Process 1: x1 : 00000031
Process 1: x1 : 00000032
Process 2: x1 : 0000002F
Process 2: x1 : 00000030
Process 3: x1 : 0000002D
Process 3: x1 : 0000002E
Process 0: x1 : 00000035
Process 0: x1 : 00000036
Process 1: x1 : 00000033
Process 1: x1 : 00000034
Process 2: x1 : 00000031
Process 2: x1 : 00000032
Process 3: x1 : 0000002F
Process 3: x1 : 00000030
Process 0: x1 : 00000037
Process 0: x1 : 00000038
Process 1: x1 : 00000035
Process 1: x1 : 00000036
Process 2: x1 : 00000033
Process 2: x1 : 00000034
Process 3: x1 : 00000031
Process 3: x1 : 00000032
Process 0: x1 : 00000039
Process 0: x1 : 0000003A
Process 1: x1 : 00000037
Process 1: x1 : 00000038
Process 2: x1 : 00000035
Process 2: x1 : 00000036
Process 3: x1 : 00000033
Process 3: x1 : 00000034
Process 0: x1 : 0000003B
Process 0: x1 : 0000003C
Process 1: x1 : 00000039
Process 1: x1 : 0000003A
Process 2: x1 : 00000037
Process 2: x1 : 00000038
Process 3: x1 : 00000035
Process 3: x1 : 00000036
Process 0: x1 : 0000003D
Process 0: x1 : 0000003E
Process 1: x1 : 0000003B
Process 1: x1 : 0000003C
Process 2: x1 : 00000039
Process 2: x1 : 0000003A
Process 3: x1 : 00000037
Process 3: x1 : 00000038
Process 0: x1 : 0000003F
Process 0: x1 : 00000040
Process 1: x1 : 0000003D
Process 1: x1 : 0000003E
Process 2: x1 : 0000003B
Process 2: x1 : 0000003C
Process 3: x1 : 00000039
Process 3: x1 : 0000003A
Process 0: x1 : 00000041
Process 0: x1 : 00000042
Process 1: x1 : 0000003F
Process 1: x1 : 00000040
Process 2: x1 : 0000003D
Process 2: x1 : 0000003E
Process 3: x1 : 0000003B
Process 3: x1 : 0000003C
Process 0: x1 : 00000043
Process 0: x1 : 00000044
Process 1: x1 : 00000041
Process 1: x1 : 00000042
Process 2: x1 : 0000003F
Process 2: x1 : 00000040
Process 3: x1 : 0000003D
Process 3: x1 : 0000003E
Process 0: x1 : 00000045
Process 0: x1 : 00000046
Process 1: x1 : 00000043
Process 1: x1 : 00000044
Process 2: x1 : 00000041
Process 2: x1 : 00000042
Process 3: x1 : 0000003F
Process 3: x1 : 00000040
Process 0: x1 : 00000047
Process 0: x1 : 00000048
Process 1: x1 : 00000045
Process 1: x1 : 00000046
Process 2: x1 : 00000043
Process 2: x1 : 00000044
Process 3: x1 : 00000041
Process 3: x1 : 00000042
Process 0: x1 : 00000049
Process 0: x1 : 0000004A
Process 1: x1 : 00000047
Process 1: x1 : 00000048
Process 2: x1 : 00000045
Process 2: x1 : 00000046
Process 3: x1 : 00000043
Process 3: x1 : 00000044
Process 0: x1 : 0000004B
Process 0: x1 : 0000004C
Process 1: x1 : 00000049
Process 1: x1 : 0000004A
Process 2: x1 : 00000047
Process 2: x1 : 00000048
Process 3: x1 : 00000045
Process 3: x1 : 00000046
Process 0: x1 : 0000004D
Process 0: x1 : 0000004E
Process 1: x1 : 0000004B
Process 1: x1 : 0000004C
Process 2: x1 : 00000049
Process 2: x1 : 0000004A
Process 3: x1 : 00000047
Process 3: x1 : 00000048
Process 0: x1 : 0000004F
Process 0: x1 : 00000050
Process 1: x1 : 0000004D
Process 1: x1 : 0000004E
Process 2: x1 : 0000004B
Process 2: x1 : 0000004C
Process 3: x1 : 00000049
Process 3: x1 : 0000004A
Process 0: x1 : 00000051
Process 0: x1 : 00000052
Process 1: x1 : 0000004F
Process 1: x1 : 00000050
Process 2: x1 : 0000004D
Process 2: x1 : 0000004E
Process 3: x1 : 0000004B
Process 3: x1 : 0000004C
Process 0: x1 : 00000053
Process 0: x1 : 00000054
Process 1: x1 : 00000051
Process 1: x1 : 00000052
Process 2: x1 : 0000004F
Process 2: x1 : 00000050
Process 3: x1 : 0000004D
Process 3: x1 : 0000004E
Process 0: x1 : 00000055
Process 0: x1 : 00000056
Process 1: x1 : 00000053
Process 1: x1 : 00000054
Process 2: x1 : 00000051
Process 2: x1 : 00000052
Process 3: x1 : 0000004F
Process 3: x1 : 00000050
Process 0: x1 : 00000057
Process 0: x1 : 00000058
Process 1: x1 : 00000055
Process 1: x1 : 00000056
Process 2: x1 : 00000053
Process 2: x1 : 00000054
Process 3: x1 : 00000051
Process 3: x1 : 00000052
Process 0: x1 : 00000059
Process 0: x1 : 0000005A
Process 1: x1 : 00000057
Process 1: x1 : 00000058
Process 2: x1 : 00000055
Process 2: x1 : 00000056
Process 3: x1 : 00000053
Process 3: x1 : 00000054
Process 0: x1 : 0000005B
Process 0: x1 : 0000005C
Process 1: x1 : 00000059
Process 1: x1 : 0000005A
Process 2: x1 : 00000057
Process 2: x1 : 00000058
Process 3: x1 : 00000055
Process 3: x1 : 00000056
Process 0: x1 : 0000005D
Process 0: x1 : 0000005E
Process 1: x1 : 0000005B
Process 1: x1 : 0000005C
Process 2: x1 : 00000059
Process 2: x1 : 0000005A
Process 3: x1 : 00000057
Process 3: x1 : 00000058
Process 0: x1 : 0000005F
Process 0: x1 : 00000060
Process 1: x1 : 0000005D
Process 1: x1 : 0000005E
Process 2: x1 : 0000005B
Process 2: x1 : 0000005C
Process 3: x1 : 00000059
Process 3: x1 : 0000005A
Process 0: x1 : 00000061
Process 0: x1 : 00000062
Process 1: x1 : 0000005F
Process 1: x1 : 00000060
Process 2: x1 : 0000005D
Process 2: x1 : 0000005E
Process 3: x1 : 0000005B
Process 3: x1 : 0000005C
Process 0: x1 : 00000063
Process 0: x1 : 00000064
Process 1: x1 : 00000061
Process 1: x1 : 00000062
Process 2: x1 : 0000005F
Process 2: x1 : 00000060
Process 3: x1 : 0000005D
Process 3: x1 : 0000005E
Process 1: x1 : 00000063
Process 1: x1 : 00000064
Process 2: x1 : 00000061
Process 2: x1 : 00000062
Process 3: x1 : 0000005F
Process 3: x1 : 00000060
Process 0: x1 : 00000001
Process 0: x1 : 00000002
Process 2: x1 : 00000063
Process 2: x1 : 00000064
Process 3: x1 : 00000061
Process 3: x1 : 00000062
Process 0: x1 : 00000003
Process 0: x1 : 00000004
Process 3: x1 : 00000063
Process 3: x1 : 00000064
Process 0: x1 : 00000005
Process 0: x1 : 00000006
Process 0: x1 : 00000007
Process 0: x1 : 00000008
Process 0: x1 : 00000009
Process 0: x1 : 0000000A
Process 0: x1 : 0000000B
Process 0: x1 : 0000000C
Process 0: x1 : 0000000D
Process 0: x1 : 0000000E
Process 0: x1 : 0000000F
Process 0: x1 : 00000010
Process 0: x1 : 00000011
Process 0: x1 : 00000012
Process 0: x1 : 00000013
Process 0: x1 : 00000014
Process 0: x1 : 00000015
Process 0: x1 : 00000016
Process 0: x1 : 00000017
Process 0: x1 : 00000018
Process 0: x1 : 00000019
Process 0: x1 : 0000001A
Process 0: x1 : 0000001B
Process 0: x1 : 0000001C
Process 0: x1 : 0000001D
Process 0: x1 : 0000001E
Process 0: x1 : 0000001F
Process 0: x1 : 00000020
Process 0: x1 : 00000021
Process 0: x1 : 00000022
Process 0: x1 : 00000023
Process 0: x1 : 00000024
Process 0: x1 : 00000025
Process 0: x1 : 00000026
Process 0: x1 : 00000027
Process 0: x1 : 00000028
Process 0: x1 : 00000029
Process 0: x1 : 0000002A
Process 0: x1 : 0000002B
Process 0: x1 : 0000002C
Process 0: x1 : 0000002D
Process 0: x1 : 0000002E
Process 0: x1 : 0000002F
Process 0: x1 : 00000030
Process 0: x1 : 00000031
Process 0: x1 : 00000032
Process 0: x1 : 00000033
Process 0: x1 : 00000034
Process 0: x1 : 00000035
Process 0: x1 : 00000036
Process 0: x1 : 00000037
Process 0: x1 : 00000038
Process 0: x1 : 00000039
Process 0: x1 : 0000003A
Process 0: x1 : 0000003B
Process 0: x1 : 0000003C
Process 0: x1 : 0000003D
Process 0: x1 : 0000003E
Process 0: x1 : 0000003F
Process 0: x1 : 00000040
Process 0: x1 : 00000041
Process 0: x1 : 00000042
Process 0: x1 : 00000043
Process 0: x1 : 00000044
Process 0: x1 : 00000045
Process 0: x1 : 00000046
Process 0: x1 : 00000047
Process 0: x1 : 00000048
Process 0: x1 : 00000049
Process 0: x1 : 0000004A
Process 0: x1 : 0000004B
Process 0: x1 : 0000004C
Process 0: x1 : 0000004D
Process 0: x1 : 0000004E
Process 0: x1 : 0000004F
Process 0: x1 : 00000050
Process 0: x1 : 00000051
Process 0: x1 : 00000052
Process 0: x1 : 00000053
Process 0: x1 : 00000054
Process 0: x1 : 00000055
Process 0: x1 : 00000056
Process 0: x1 : 00000057
Process 0: x1 : 00000058
Process 0: x1 : 00000059
Process 0: x1 : 0000005A
Process 0: x1 : 0000005B
Process 0: x1 : 0000005C
Process 0: x1 : 0000005D
Process 0: x1 : 0000005E
Process 0: x1 : 0000005F
Process 0: x1 : 00000060
Process 0: x1 : 00000061
Process 0: x1 : 00000062
Process 0: x1 : 00000063
Process 0: x1 : 00000064
